[INFO] Scanning for projects...
[INFO] ------------------------------------------------------------------------
[INFO] Reactor Build Order:
[INFO] 
[INFO] cloud-sdk                                                          [pom]
[INFO] cloud-sdk-core                                                     [jar]
[INFO] cloud-sdk-api                                                      [jar]
[INFO] 
[INFO] ----------------------< com.chuanglan:cloud-sdk >-----------------------
[INFO] Building cloud-sdk 1.0.0-SNAPSHOT                                  [1/3]
[INFO] --------------------------------[ pom ]---------------------------------
[INFO] 
[INFO] --------------------< com.chuanglan:cloud-sdk-core >--------------------
[INFO] Building cloud-sdk-core 1.0.0-SNAPSHOT                             [2/3]
[INFO] --------------------------------[ jar ]---------------------------------
[INFO] 
[INFO] --- maven-resources-plugin:2.6:resources (default-resources) @ cloud-sdk-core ---
[INFO] Using 'UTF-8' encoding to copy filtered resources.
[INFO] skip non existing resourceDirectory D:\wangxun\workspace\cloud-sdk\cloud-sdk-core\src\main\resources
[INFO] 
[INFO] --- maven-compiler-plugin:3.11.0:compile (default-compile) @ cloud-sdk-core ---
[INFO] Nothing to compile - all classes are up to date
[INFO] 
[INFO] --------------------< com.chuanglan:cloud-sdk-api >---------------------
[INFO] Building cloud-sdk-api 1.0.0-SNAPSHOT                              [3/3]
[INFO] --------------------------------[ jar ]---------------------------------
[INFO] 
[INFO] --- maven-resources-plugin:2.6:resources (default-resources) @ cloud-sdk-api ---
[INFO] Using 'UTF-8' encoding to copy filtered resources.
[INFO] skip non existing resourceDirectory D:\wangxun\workspace\cloud-sdk\cloud-sdk-api\src\main\resources
[INFO] 
[INFO] --- maven-compiler-plugin:3.11.0:compile (default-compile) @ cloud-sdk-api ---
[INFO] Changes detected - recompiling the module! :source
[INFO] Compiling 361 source files with javac [debug target 8] to target\classes
[INFO] ------------------------------------------------------------------------
[INFO] Reactor Summary for cloud-sdk 1.0.0-SNAPSHOT:
[INFO] 
[INFO] cloud-sdk .......................................... SUCCESS [  0.003 s]
[INFO] cloud-sdk-core ..................................... SUCCESS [  0.608 s]
[INFO] cloud-sdk-api ...................................... SUCCESS [  2.239 s]
[INFO] ------------------------------------------------------------------------
[INFO] BUILD SUCCESS
[INFO] ------------------------------------------------------------------------
[INFO] Total time:  2.950 s
[INFO] Finished at: 2026-07-18T15:55:32+08:00
[INFO] ------------------------------------------------------------------------
